BL51 BANKED LINKER/LOCATER V6.22                                                        12/20/2019  15:03:56  PAGE 1


BL51 BANKED LINKER/LOCATER V6.22, INVOKED BY:
S:\KEIL4\C51\C51\BIN\BL51.EXE STARTUP.obj, main.obj, serial.obj, feed_motor.obj, lcd.obj, ultrasonic.obj, mem.obj, RTC.o
>> bj, common.obj, HX711.obj, CmdPro.obj TO NO1_module_test RAMSIZE (256)


MEMORY MODEL: SMALL WITH FLOATING POINT ARITHMETIC


INPUT MODULES INCLUDED:
  STARTUP.obj (?C_STARTUP)
  main.obj (MAIN)
  serial.obj (SERIAL)
  feed_motor.obj (FEED_MOTOR)
  lcd.obj (LCD)
  ultrasonic.obj (ULTRASONIC)
  mem.obj (MEM)
  RTC.obj (RTC)
  common.obj (COMMON)
  HX711.obj (HX711)
  CmdPro.obj (CMDPRO)
  S:\KEIL4\C51\C51\LIB\C51FPS.LIB (?C?FPMUL)
  S:\KEIL4\C51\C51\LIB\C51FPS.LIB (?C?FPDIV)
  S:\KEIL4\C51\C51\LIB\C51FPS.LIB (?C?FCAST)
  S:\KEIL4\C51\C51\LIB\C51FPS.LIB (?C?CASTF)
  S:\KEIL4\C51\C51\LIB\C51FPS.LIB (?C?FPGETOPN)
  S:\KEIL4\C51\C51\LIB\C51S.LIB (?C_INIT)
  S:\KEIL4\C51\C51\LIB\C51S.LIB (?C?CLDPTR)
  S:\KEIL4\C51\C51\LIB\C51S.LIB (?C?UIDIV)
  S:\KEIL4\C51\C51\LIB\C51S.LIB (?C?LNEG)
  S:\KEIL4\C51\C51\LIB\C51S.LIB (?C?ULCMP)
  S:\KEIL4\C51\C51\LIB\C51S.LIB (?C?LSHL)


LINK MAP OF MODULE:  NO1_module_test (?C_STARTUP)


            TYPE    BASE      LENGTH    RELOCATION   SEGMENT NAME
            -----------------------------------------------------

            * * * * * * *   D A T A   M E M O R Y   * * * * * * *
            REG     0000H     0008H     ABSOLUTE     "REG BANK 0"
            DATA    0008H     0017H     UNIT         ?DT?MAIN
                    001FH     0001H                  *** GAP ***
            BIT     0020H.0   0000H.2   UNIT         ?BI?MAIN
            BIT     0020H.2   0000H.1   UNIT         _BIT_GROUP_
                    0020H.3   0000H.5                *** GAP ***
            DATA    0021H     000FH     UNIT         ?DT?SERIAL
            DATA    0030H     000EH     UNIT         ?DT?RTC
            DATA    003EH     0008H     UNIT         ?DT?HX711
            DATA    0046H     0008H     UNIT         _DATA_GROUP_
            DATA    004EH     0006H     UNIT         ?DT?ULTRASONIC
            DATA    0054H     0004H     UNIT         ?DT?FEED_MOTOR
            IDATA   0058H     0001H     UNIT         ?STACK

            * * * * * * *   C O D E   M E M O R Y   * * * * * * *
            CODE    0000H     0003H     ABSOLUTE     
            CODE    0003H     001DH     UNIT         ?PR?VERYLONGTIMEDELAY?MAIN
            CODE    0020H     0003H     UNIT         ?PR?ISENOUGH?MAIN
BL51 BANKED LINKER/LOCATER V6.22                                                      12/20/2019  15:03:56  PAGE 2


            CODE    0023H     0003H     ABSOLUTE     
            CODE    0026H     0305H     UNIT         ?C?LIB_CODE
            CODE    032BH     017CH     UNIT         ?PR?MAIN?MAIN
            CODE    04A7H     0112H     UNIT         ?PR?CMDPRO?CMDPRO
            CODE    05B9H     00F5H     UNIT         ?CO?MAIN
            CODE    06AEH     00DEH     UNIT         ?PR?SHOWTIME?MAIN
            CODE    078CH     008CH     UNIT         ?C_C51STARTUP
            CODE    0818H     0080H     UNIT         ?PR?_NUM16TOCHAR?COMMON
            CODE    0898H     0068H     UNIT         ?PR?PARAMINIT?MAIN
            CODE    0900H     0067H     UNIT         ?C_INITSEG
            CODE    0967H     005CH     UNIT         ?PR?FEED?MAIN
            CODE    09C3H     0051H     UNIT         ?PR?GETWEIGHT?HX711
            CODE    0A14H     004EH     UNIT         ?PR?ISOPENED?MAIN
            CODE    0A62H     004AH     UNIT         ?PR?_DS1302READ?RTC
            CODE    0AACH     0044H     UNIT         ?PR?USART?SERIAL
            CODE    0AF0H     0041H     UNIT         ?PR?_I2CSENDBYTE?MEM
            CODE    0B31H     003DH     UNIT         ?PR?COUNT?ULTRASONIC
            CODE    0B6EH     003CH     UNIT         ?PR?ISFEED?MAIN
            CODE    0BAAH     003AH     UNIT         ?PR?ISEMPTY?MAIN
            CODE    0BE4H     0035H     UNIT         ?PR?_DS1302WRITE?RTC
            CODE    0C19H     0035H     UNIT         ?PR?READCOUNT?HX711
            CODE    0C4EH     002DH     UNIT         ?PR?KEYPRO?MAIN
            CODE    0C7BH     002CH     UNIT         ?PR?_NUM8TOCHAR?COMMON
            CODE    0CA7H     0028H     UNIT         ?PR?_SERIAL_PRINT?SERIAL
            CODE    0CCFH     0028H     UNIT         ?PR?_LCDSHOWSTR?LCD
            CODE    0CF7H     0027H     UNIT         ?PR?_SERIAL_PRINTU8?SERIAL
            CODE    0D1EH     0026H     UNIT         ?PR?I2CREADBYTE?MEM
            CODE    0D44H     0023H     UNIT         ?PR?OPEN?FEED_MOTOR
            CODE    0D67H     0023H     UNIT         ?PR?CLOSE?FEED_MOTOR
            CODE    0D8AH     0023H     UNIT         ?PR?DS1302INIT?RTC
            CODE    0DADH     0022H     UNIT         ?PR?_AT24C02READ?MEM
            CODE    0DCFH     001DH     UNIT         ?PR?_DISPLAYONECHAR?LCD
            CODE    0DECH     001AH     UNIT         ?PR?STARTMODULE?ULTRASONIC
            CODE    0E06H     001AH     UNIT         ?PR?MEASURE?ULTRASONIC
            CODE    0E20H     0019H     UNIT         ?PR?_AT24C02WRITE?MEM
            CODE    0E39H     0018H     UNIT         ?PR?WAIT_SERIAL_CMD?SERIAL
            CODE    0E51H     0017H     UNIT         ?PR?_FEED_DELAY?MAIN
            CODE    0E68H     0016H     UNIT         ?PR?USARTINIT?SERIAL
            CODE    0E7EH     0016H     UNIT         ?PR?DS1302READTIME?RTC
            CODE    0E94H     0015H     UNIT         ?CO?CMDPRO
            CODE    0EA9H     0014H     UNIT         ?PR?INITLCD1602?LCD
            CODE    0EBDH     0013H     UNIT         ?PR?_DELAY?FEED_MOTOR
            CODE    0ED0H     0012H     UNIT         ?PR?READ_BUSY?LCD
            CODE    0EE2H     0012H     UNIT         ?PR?_LCDSETCURSOR?LCD
            CODE    0EF4H     0010H     UNIT         ?PR?_LCD1602_WRITE_CMD?LCD
            CODE    0F04H     0010H     UNIT         ?PR?_LCD1602_WRITE_DATA?LCD
            CODE    0F14H     000FH     UNIT         ?PR?TIMEDELAY?MAIN
            CODE    0F23H     000FH     UNIT         ?PR?I2CSTART?MEM
            CODE    0F32H     000EH     UNIT         ?PR?DELAY10US?MEM
            CODE    0F40H     000EH     UNIT         ?CO?RTC
            CODE    0F4EH     000CH     UNIT         ?PR?INIT?MAIN
            CODE    0F5AH     000CH     UNIT         ?PR?WEIGHTINIT?HX711
            CODE    0F66H     000AH     UNIT         ?PR?I2CSTOP?MEM
            CODE    0F70H     0005H     UNIT         ?PR?LCDCLEARSCREEN?LCD



BL51 BANKED LINKER/LOCATER V6.22                                                      12/20/2019  15:03:56  PAGE 3


OVERLAY MAP OF MODULE:   NO1_module_test (?C_STARTUP)


SEGMENT                                BIT_GROUP          DATA_GROUP 
  +--> CALLED SEGMENT               START    LENGTH     START    LENGTH
-----------------------------------------------------------------------
?C_C51STARTUP                       -----    -----      -----    -----
  +--> ?PR?MAIN?MAIN
  +--> ?C_INITSEG

?PR?MAIN?MAIN                       0020H.2  0000H.1    0046H    0001H
  +--> ?PR?INIT?MAIN
  +--> ?PR?ISOPENED?MAIN
  +--> ?PR?ISEMPTY?MAIN
  +--> ?PR?LCDCLEARSCREEN?LCD
  +--> ?CO?MAIN
  +--> ?PR?_LCDSHOWSTR?LCD
  +--> ?PR?VERYLONGTIMEDELAY?MAIN
  +--> ?PR?CMDPRO?CMDPRO
  +--> ?PR?KEYPRO?MAIN
  +--> ?PR?ISFEED?MAIN
  +--> ?PR?FEED?MAIN
  +--> ?PR?_DISPLAYONECHAR?LCD
  +--> ?PR?_NUM8TOCHAR?COMMON
  +--> ?PR?_SERIAL_PRINT?SERIAL
  +--> ?PR?OPEN?FEED_MOTOR
  +--> ?PR?CLOSE?FEED_MOTOR
  +--> ?PR?SHOWTIME?MAIN
  +--> ?PR?ISENOUGH?MAIN

?PR?INIT?MAIN                       -----    -----      -----    -----
  +--> ?PR?USARTINIT?SERIAL
  +--> ?PR?INITLCD1602?LCD
  +--> ?PR?PARAMINIT?MAIN

?PR?INITLCD1602?LCD                 -----    -----      -----    -----
  +--> ?PR?_LCD1602_WRITE_CMD?LCD

?PR?_LCD1602_WRITE_CMD?LCD          -----    -----      -----    -----
  +--> ?PR?READ_BUSY?LCD

?PR?PARAMINIT?MAIN                  -----    -----      0048H    0002H
  +--> ?PR?_AT24C02READ?MEM
  +--> ?PR?LCDCLEARSCREEN?LCD
  +--> ?CO?MAIN
  +--> ?PR?_LCDSHOWSTR?LCD
  +--> ?PR?VERYLONGTIMEDELAY?MAIN

?PR?_AT24C02READ?MEM                -----    -----      -----    -----
  +--> ?PR?I2CSTART?MEM
  +--> ?PR?_I2CSENDBYTE?MEM
  +--> ?PR?I2CREADBYTE?MEM
  +--> ?PR?I2CSTOP?MEM

?PR?I2CSTART?MEM                    -----    -----      -----    -----
  +--> ?PR?DELAY10US?MEM

BL51 BANKED LINKER/LOCATER V6.22                                                      12/20/2019  15:03:56  PAGE 4


?PR?_I2CSENDBYTE?MEM                -----    -----      -----    -----
  +--> ?PR?DELAY10US?MEM

?PR?I2CREADBYTE?MEM                 -----    -----      -----    -----
  +--> ?PR?DELAY10US?MEM

?PR?I2CSTOP?MEM                     -----    -----      -----    -----
  +--> ?PR?DELAY10US?MEM

?PR?LCDCLEARSCREEN?LCD              -----    -----      -----    -----
  +--> ?PR?_LCD1602_WRITE_CMD?LCD

?PR?_LCDSHOWSTR?LCD                 -----    -----      004AH    0003H
  +--> ?PR?_LCDSETCURSOR?LCD
  +--> ?PR?_LCD1602_WRITE_DATA?LCD

?PR?_LCDSETCURSOR?LCD               -----    -----      -----    -----
  +--> ?PR?_LCD1602_WRITE_CMD?LCD

?PR?_LCD1602_WRITE_DATA?LCD         -----    -----      -----    -----
  +--> ?PR?READ_BUSY?LCD

?PR?ISOPENED?MAIN                   -----    -----      -----    -----
  +--> ?CO?MAIN
  +--> ?PR?_SERIAL_PRINT?SERIAL
  +--> ?PR?_LCDSHOWSTR?LCD
  +--> ?PR?VERYLONGTIMEDELAY?MAIN
  +--> ?PR?LCDCLEARSCREEN?LCD

?PR?_SERIAL_PRINT?SERIAL            -----    -----      0048H    0003H

?PR?ISEMPTY?MAIN                    -----    -----      -----    -----
  +--> ?PR?MEASURE?ULTRASONIC
  +--> ?PR?TIMEDELAY?MAIN
  +--> ?CO?MAIN
  +--> ?PR?_SERIAL_PRINT?SERIAL

?PR?MEASURE?ULTRASONIC              -----    -----      -----    -----
  +--> ?PR?STARTMODULE?ULTRASONIC
  +--> ?PR?COUNT?ULTRASONIC

?PR?CMDPRO?CMDPRO                   -----    -----      0047H    0001H
  +--> ?PR?WAIT_SERIAL_CMD?SERIAL
  +--> ?PR?DS1302INIT?RTC
  +--> ?PR?_AT24C02WRITE?MEM
  +--> ?PR?PARAMINIT?MAIN
  +--> ?CO?CMDPRO
  +--> ?PR?_SERIAL_PRINT?SERIAL
  +--> ?PR?_SERIAL_PRINTU8?SERIAL
  +--> ?PR?FEED?MAIN
  +--> ?PR?_NUM16TOCHAR?COMMON

?PR?DS1302INIT?RTC                  -----    -----      -----    -----
  +--> ?PR?_DS1302WRITE?RTC
  +--> ?CO?RTC

?PR?_AT24C02WRITE?MEM               -----    -----      -----    -----
BL51 BANKED LINKER/LOCATER V6.22                                                      12/20/2019  15:03:56  PAGE 5


  +--> ?PR?I2CSTART?MEM
  +--> ?PR?_I2CSENDBYTE?MEM
  +--> ?PR?I2CSTOP?MEM

?PR?_SERIAL_PRINTU8?SERIAL          -----    -----      0048H    0003H

?PR?FEED?MAIN                       -----    -----      -----    -----
  +--> ?PR?LCDCLEARSCREEN?LCD
  +--> ?CO?MAIN
  +--> ?PR?_LCDSHOWSTR?LCD
  +--> ?PR?_SERIAL_PRINT?SERIAL
  +--> ?PR?OPEN?FEED_MOTOR
  +--> ?PR?_FEED_DELAY?MAIN
  +--> ?PR?CLOSE?FEED_MOTOR
  +--> ?PR?VERYLONGTIMEDELAY?MAIN

?PR?OPEN?FEED_MOTOR                 -----    -----      0048H    0002H
  +--> ?PR?_DELAY?FEED_MOTOR

?PR?CLOSE?FEED_MOTOR                -----    -----      0048H    0002H
  +--> ?PR?_DELAY?FEED_MOTOR

?PR?_NUM16TOCHAR?COMMON             -----    -----      0048H    0006H

?PR?KEYPRO?MAIN                     -----    -----      -----    -----
  +--> ?PR?TIMEDELAY?MAIN

?PR?ISFEED?MAIN                     -----    -----      0047H    0001H
  +--> ?PR?DS1302READTIME?RTC
  +--> ?PR?TIMEDELAY?MAIN

?PR?DS1302READTIME?RTC              -----    -----      -----    -----
  +--> ?CO?RTC
  +--> ?PR?_DS1302READ?RTC

?PR?_DISPLAYONECHAR?LCD             -----    -----      -----    -----
  +--> ?PR?_LCD1602_WRITE_CMD?LCD
  +--> ?PR?_LCD1602_WRITE_DATA?LCD

?PR?_NUM8TOCHAR?COMMON              -----    -----      0047H    0004H

?PR?SHOWTIME?MAIN                   -----    -----      -----    -----
  +--> ?CO?MAIN
  +--> ?PR?_LCDSHOWSTR?LCD
  +--> ?PR?_DISPLAYONECHAR?LCD



SYMBOL TABLE OF MODULE:  NO1_module_test (?C_STARTUP)

  VALUE           TYPE          NAME
  ----------------------------------

  -------         MODULE        ?C_STARTUP
  C:078CH         SEGMENT       ?C_C51STARTUP
  I:0058H         SEGMENT       ?STACK
  C:0000H         PUBLIC        ?C_STARTUP
BL51 BANKED LINKER/LOCATER V6.22                                                      12/20/2019  15:03:56  PAGE 6


  D:00E0H         SYMBOL        ACC
  D:00F0H         SYMBOL        B
  D:0083H         SYMBOL        DPH
  D:0082H         SYMBOL        DPL
  N:0000H         SYMBOL        IBPSTACK
  N:0100H         SYMBOL        IBPSTACKTOP
  N:0080H         SYMBOL        IDATALEN
  C:078FH         SYMBOL        IDATALOOP
  N:0000H         SYMBOL        PBPSTACK
  N:0100H         SYMBOL        PBPSTACKTOP
  N:0000H         SYMBOL        PDATALEN
  N:0000H         SYMBOL        PDATASTART
  N:0000H         SYMBOL        PPAGE
  N:0000H         SYMBOL        PPAGEENABLE
  D:00A0H         SYMBOL        PPAGE_SFR
  D:0081H         SYMBOL        SP
  C:078CH         SYMBOL        STARTUP1
  N:0000H         SYMBOL        XBPSTACK
  N:0000H         SYMBOL        XBPSTACKTOP
  N:0000H         SYMBOL        XDATALEN
  N:0000H         SYMBOL        XDATASTART
  C:0000H         LINE#         126
  C:078CH         LINE#         133
  C:078EH         LINE#         134
  C:078FH         LINE#         135
  C:0790H         LINE#         136
  C:0792H         LINE#         185
  C:0795H         LINE#         196
  -------         ENDMOD        ?C_STARTUP

  -------         MODULE        MAIN
  C:0000H         SYMBOL        _ICE_DUMMY_
  B:0020H.0       PUBLIC        isSendFull
  D:0090H         PUBLIC        P1
  D:00A0H         PUBLIC        P2
  D:0008H         PUBLIC        feed_weigth
  D:00B0H         PUBLIC        P3
  C:0F14H         PUBLIC        TimeDelay
  B:00A8H.7       PUBLIC        EA
  C:0E51H         PUBLIC        _feed_delay
  C:0898H         PUBLIC        ParamInit
  D:00A8H         PUBLIC        IE
  C:0BAAH         PUBLIC        isempty
  C:0967H         PUBLIC        feed
  B:0020H.1       PUBLIC        isauto
  D:00B8H         PUBLIC        IP
  D:0012H         PUBLIC        feed_times
  C:032BH         PUBLIC        main
  D:0013H         PUBLIC        feed_time
  D:0098H         PUBLIC        SCON
  C:06AEH         PUBLIC        ShowTime
  D:0088H         PUBLIC        TCON
  C:0F4EH         PUBLIC        init
  C:0003H         PUBLIC        VeryLongTimeDelay
  D:001DH         PUBLIC        key
  C:0A14H         PUBLIC        isopened
  B:00B0H.3       PUBLIC        openPin
BL51 BANKED LINKER/LOCATER V6.22                                                      12/20/2019  15:03:56  PAGE 7


  D:001EH         PUBLIC        now_feed_time
  C:0020H         PUBLIC        isenough
  D:00C8H         PUBLIC        T2CON
  C:0B6EH         PUBLIC        isfeed
  D:00D0H         PUBLIC        PSW
  C:0C4EH         PUBLIC        Keypro
  -------         PROC          VERYLONGTIMEDELAY
  -------         DO            
  D:0006H         SYMBOL        iii
  D:0004H         SYMBOL        jjj
  -------         ENDDO         
  C:0003H         LINE#         14
  C:0003H         LINE#         15
  C:0003H         LINE#         17
  C:0006H         LINE#         18
  C:001FH         LINE#         19
  -------         ENDPROC       VERYLONGTIMEDELAY
  -------         PROC          TIMEDELAY
  -------         DO            
  D:0006H         SYMBOL        iii
  -------         ENDDO         
  C:0F14H         LINE#         20
  C:0F14H         LINE#         21
  C:0F14H         LINE#         23
  C:0F22H         LINE#         24
  -------         ENDPROC       TIMEDELAY
  -------         PROC          _FEED_DELAY
  D:0007H         SYMBOL        i
  -------         DO            
  D:0004H         SYMBOL        a
  -------         ENDDO         
  C:0E51H         LINE#         26
  C:0E51H         LINE#         27
  C:0E51H         LINE#         29
  C:0E57H         LINE#         30
  C:0E57H         LINE#         31
  C:0E5BH         LINE#         32
  C:0E67H         LINE#         34
  -------         ENDPROC       _FEED_DELAY
  -------         PROC          PARAMINIT
  -------         DO            
  D:0048H         SYMBOL        i
  D:0049H         SYMBOL        tmp
  -------         ENDDO         
  C:0898H         LINE#         37
  C:0898H         LINE#         38
  C:0898H         LINE#         54
  C:089BH         LINE#         55
  C:089BH         LINE#         56
  C:08A5H         LINE#         57
  C:08ABH         LINE#         58
  C:08B2H         LINE#         59
  C:08C2H         LINE#         60
  C:08CBH         LINE#         61
  C:08CEH         LINE#         62
  C:08D1H         LINE#         63
  C:08DEH         LINE#         64
BL51 BANKED LINKER/LOCATER V6.22                                                      12/20/2019  15:03:56  PAGE 8


  C:08E5H         LINE#         65
  C:08EBH         LINE#         67
  C:08F6H         LINE#         68
  C:08F9H         LINE#         69
  C:08FCH         LINE#         70
  C:08FFH         LINE#         71
  -------         ENDPROC       PARAMINIT
  -------         PROC          INIT
  C:0F4EH         LINE#         74
  C:0F4EH         LINE#         75
  C:0F4EH         LINE#         76
  C:0F51H         LINE#         77
  C:0F54H         LINE#         78
  C:0F57H         LINE#         82
  -------         ENDPROC       INIT
  -------         PROC          ISENOUGH
  C:0020H         LINE#         88
  C:0020H         LINE#         89
  C:0020H         LINE#         100
  C:0022H         LINE#         104
  -------         ENDPROC       ISENOUGH
  -------         PROC          ISFEED
  -------         DO            
  D:0007H         SYMBOL        i
  D:0047H         SYMBOL        ret
  -------         ENDDO         
  C:0B6EH         LINE#         106
  C:0B6EH         LINE#         107
  C:0B6EH         LINE#         110
  C:0B71H         LINE#         111
  C:0B74H         LINE#         112
  C:0B77H         LINE#         113
  C:0B8CH         LINE#         114
  C:0B8CH         LINE#         115
  C:0B94H         LINE#         116
  C:0B94H         LINE#         117
  C:0B9DH         LINE#         118
  C:0B9FH         LINE#         120
  C:0B9FH         LINE#         121
  C:0BA1H         LINE#         122
  C:0BA4H         LINE#         123
  C:0BA4H         LINE#         124
  C:0BA4H         LINE#         125
  C:0BA7H         LINE#         126
  C:0BA9H         LINE#         127
  -------         ENDPROC       ISFEED
  -------         PROC          ISEMPTY
  C:0BAAH         LINE#         129
  C:0BAAH         LINE#         130
  C:0BAAH         LINE#         131
  C:0BADH         LINE#         132
  C:0BB0H         LINE#         133
  C:0BC5H         LINE#         134
  C:0BC5H         LINE#         135
  C:0BCEH         LINE#         136
  C:0BD0H         LINE#         137
  C:0BD3H         LINE#         138
BL51 BANKED LINKER/LOCATER V6.22                                                      12/20/2019  15:03:56  PAGE 9


  C:0BD3H         LINE#         140
  C:0BD3H         LINE#         141
  C:0BD6H         LINE#         142
  C:0BD6H         LINE#         143
  C:0BDFH         LINE#         144
  C:0BE1H         LINE#         145
  C:0BE1H         LINE#         146
  C:0BE3H         LINE#         147
  C:0BE3H         LINE#         148
  -------         ENDPROC       ISEMPTY
  -------         PROC          KEYPRO
  C:0C4EH         LINE#         150
  C:0C4EH         LINE#         151
  C:0C4EH         LINE#         152
  C:0C51H         LINE#         153
  C:0C54H         LINE#         154
  C:0C5AH         LINE#         155
  C:0C5EH         LINE#         156
  C:0C5EH         LINE#         157
  C:0C61H         LINE#         158
  C:0C64H         LINE#         159
  C:0C6AH         LINE#         160
  C:0C70H         LINE#         161
  C:0C70H         LINE#         162
  C:0C75H         LINE#         163
  C:0C75H         LINE#         164
  C:0C77H         LINE#         165
  C:0C7AH         LINE#         166
  C:0C7AH         LINE#         167
  -------         ENDPROC       KEYPRO
  -------         PROC          ISOPENED
  C:0A14H         LINE#         169
  C:0A14H         LINE#         170
  C:0A14H         LINE#         171
  C:0A17H         LINE#         172
  C:0A17H         LINE#         173
  C:0A20H         LINE#         174
  C:0A2CH         LINE#         175
  C:0A2FH         LINE#         176
  C:0A32H         LINE#         177
  C:0A3EH         LINE#         178
  C:0A41H         LINE#         179
  C:0A44H         LINE#         180
  C:0A50H         LINE#         181
  C:0A59H         LINE#         182
  C:0A5BH         LINE#         183
  C:0A5EH         LINE#         184
  C:0A61H         LINE#         185
  C:0A61H         LINE#         186
  -------         ENDPROC       ISOPENED
  -------         PROC          FEED
  C:0967H         LINE#         188
  C:0967H         LINE#         189
  C:0967H         LINE#         190
  C:0969H         LINE#         202
  C:0969H         LINE#         203
  C:096CH         LINE#         204
BL51 BANKED LINKER/LOCATER V6.22                                                      12/20/2019  15:03:56  PAGE 10


  C:0978H         LINE#         205
  C:0981H         LINE#         206
  C:0984H         LINE#         210
  C:098EH         LINE#         212
  C:0991H         LINE#         213
  C:099DH         LINE#         214
  C:09A0H         LINE#         215
  C:09A3H         LINE#         216
  C:09AFH         LINE#         217
  C:09B2H         LINE#         218
  C:09B5H         LINE#         219
  C:09BEH         LINE#         220
  C:09C0H         LINE#         221
  C:09C0H         LINE#         222
  C:09C2H         LINE#         223
  -------         ENDPROC       FEED
  -------         PROC          SHOWTIME
  C:06AEH         LINE#         225
  C:06AEH         LINE#         226
  C:06AEH         LINE#         227
  C:06BAH         LINE#         228
  C:06C9H         LINE#         229
  C:06D7H         LINE#         231
  C:06E0H         LINE#         232
  C:06EFH         LINE#         233
  C:06FDH         LINE#         235
  C:0706H         LINE#         236
  C:0715H         LINE#         237
  C:0723H         LINE#         240
  C:0732H         LINE#         241
  C:0740H         LINE#         243
  C:0749H         LINE#         244
  C:0758H         LINE#         245
  C:0766H         LINE#         247
  C:076FH         LINE#         248
  C:077EH         LINE#         249
  -------         ENDPROC       SHOWTIME
  -------         PROC          MAIN
  -------         DO            
  B:0020H.2       SYMBOL        show
  D:0046H         SYMBOL        i
  -------         ENDDO         
  C:032BH         LINE#         253
  C:032BH         LINE#         254
  C:032BH         LINE#         255
  C:032DH         LINE#         256
  C:0330H         LINE#         257
  C:0333H         LINE#         258
  C:0333H         LINE#         259
  C:0333H         LINE#         260
  C:0336H         LINE#         261
  C:033CH         LINE#         262
  C:033CH         LINE#         263
  C:033FH         LINE#         264
  C:034CH         LINE#         265
  C:034FH         LINE#         266
  C:0352H         LINE#         267
BL51 BANKED LINKER/LOCATER V6.22                                                      12/20/2019  15:03:56  PAGE 11


  C:0352H         LINE#         268
  C:0355H         LINE#         269
  C:0358H         LINE#         270
  C:035BH         LINE#         271
  C:0361H         LINE#         272
  C:0361H         LINE#         273
  C:036AH         LINE#         274
  C:036FH         LINE#         275
  C:036FH         LINE#         276
  C:0371H         LINE#         277
  C:0374H         LINE#         278
  C:0380H         LINE#         279
  C:0383H         LINE#         280
  C:0383H         LINE#         281
  C:0388H         LINE#         282
  C:0388H         LINE#         283
  C:038AH         LINE#         284
  C:039FH         LINE#         285
  C:03A2H         LINE#         286
  C:03A2H         LINE#         287
  C:03A7H         LINE#         288
  C:03A7H         LINE#         289
  C:03A9H         LINE#         290
  C:03B7H         LINE#         291
  C:03BAH         LINE#         292
  C:03BAH         LINE#         294
  C:03BFH         LINE#         295
  C:03BFH         LINE#         296
  C:03CAH         LINE#         297
  C:03CAH         LINE#         298
  C:03CDH         LINE#         300
  C:03CDH         LINE#         301
  C:03D7H         LINE#         302
  C:03E4H         LINE#         303
  C:03F7H         LINE#         304
  C:0409H         LINE#         305
  C:0416H         LINE#         306
  C:0427H         LINE#         307
  C:0434H         LINE#         308
  C:0434H         LINE#         309
  C:0436H         LINE#         311
  C:0436H         LINE#         312
  C:0439H         LINE#         313
  C:043EH         LINE#         314
  C:043EH         LINE#         315
  C:0441H         LINE#         316
  C:0444H         LINE#         317
  C:0444H         LINE#         318
  C:0449H         LINE#         319
  C:0449H         LINE#         320
  C:0456H         LINE#         321
  C:045FH         LINE#         322
  C:0461H         LINE#         323
  C:0464H         LINE#         324
  C:0467H         LINE#         325
  C:046AH         LINE#         326
  C:046AH         LINE#         327
BL51 BANKED LINKER/LOCATER V6.22                                                      12/20/2019  15:03:56  PAGE 12


  C:046FH         LINE#         328
  C:046FH         LINE#         329
  C:047CH         LINE#         330
  C:0485H         LINE#         331
  C:0487H         LINE#         332
  C:048AH         LINE#         333
  C:048DH         LINE#         334
  C:0490H         LINE#         335
  C:0490H         LINE#         336
  C:049DH         LINE#         337
  C:049EH         LINE#         338
  C:04A1H         LINE#         339
  C:04A1H         LINE#         340
  C:04A4H         LINE#         341
  -------         ENDPROC       MAIN
  -------         ENDMOD        MAIN

  -------         MODULE        SERIAL
  C:0000H         SYMBOL        _ICE_DUMMY_
  D:0021H         PUBLIC        Scount
  D:0090H         PUBLIC        P1
  D:00B0H         PUBLIC        P3
  B:00A8H.7       PUBLIC        EA
  D:00A8H         PUBLIC        IE
  C:0AACH         PUBLIC        Usart
  C:0CA7H         PUBLIC        _serial_print
  B:00A8H.4       PUBLIC        ES
  D:00B8H         PUBLIC        IP
  B:0098H.0       PUBLIC        RI
  B:0098H.1       PUBLIC        TI
  D:0022H         PUBLIC        New_Cmd
  C:0E68H         PUBLIC        UsartInit
  D:0023H         PUBLIC        RcvData
  D:0099H         PUBLIC        SBUF
  D:0087H         PUBLIC        PCON
  C:0E39H         PUBLIC        wait_serial_cmd
  D:0098H         PUBLIC        SCON
  D:0089H         PUBLIC        TMOD
  D:0088H         PUBLIC        TCON
  C:0CF7H         PUBLIC        _serial_printu8
  D:002EH         PUBLIC        cmd_time
  D:008DH         PUBLIC        TH1
  D:008BH         PUBLIC        TL1
  B:0088H.6       PUBLIC        TR1
  D:00C8H         PUBLIC        T2CON
  D:00D0H         PUBLIC        PSW
  -------         PROC          USARTINIT
  C:0E68H         LINE#         9
  C:0E68H         LINE#         10
  C:0E68H         LINE#         11
  C:0E6BH         LINE#         12
  C:0E6EH         LINE#         13
  C:0E71H         LINE#         14
  C:0E74H         LINE#         15
  C:0E77H         LINE#         16
  C:0E79H         LINE#         17
  C:0E7BH         LINE#         18
BL51 BANKED LINKER/LOCATER V6.22                                                      12/20/2019  15:03:56  PAGE 13


  C:0E7DH         LINE#         19
  -------         ENDPROC       USARTINIT
  -------         PROC          USART
  -------         DO            
  D:0007H         SYMBOL        Sbuff
  -------         ENDDO         
  C:0AACH         LINE#         21
  C:0AB9H         LINE#         24
  C:0ABFH         LINE#         25
  C:0AC1H         LINE#         26
  C:0AC4H         LINE#         27
  C:0AC4H         LINE#         28
  C:0ACAH         LINE#         29
  C:0ACDH         LINE#         30
  C:0AD0H         LINE#         31
  C:0AD2H         LINE#         33
  C:0AD2H         LINE#         34
  C:0ADCH         LINE#         35
  C:0AE3H         LINE#         36
  C:0AE3H         LINE#         37
  C:0AE5H         LINE#         38
  -------         ENDPROC       USART
  -------         PROC          WAIT_SERIAL_CMD
  C:0E39H         LINE#         40
  C:0E39H         LINE#         41
  C:0E39H         LINE#         42
  C:0E3FH         LINE#         43
  C:0E41H         LINE#         44
  C:0E4EH         LINE#         45
  C:0E50H         LINE#         46
  -------         ENDPROC       WAIT_SERIAL_CMD
  -------         PROC          _SERIAL_PRINT
  D:0048H         SYMBOL        str
  C:0CA7H         LINE#         50
  C:0CADH         LINE#         51
  C:0CADH         LINE#         52
  C:0CB8H         LINE#         53
  C:0CB8H         LINE#         54
  C:0CC7H         LINE#         55
  C:0CCAH         LINE#         56
  C:0CCCH         LINE#         57
  C:0CCEH         LINE#         58
  -------         ENDPROC       _SERIAL_PRINT
  -------         PROC          _SERIAL_PRINTU8
  D:0048H         SYMBOL        str
  D:0005H         SYMBOL        count
  C:0CF7H         LINE#         60
  C:0CFDH         LINE#         61
  C:0CFDH         LINE#         62
  C:0D03H         LINE#         63
  C:0D03H         LINE#         64
  C:0D16H         LINE#         65
  C:0D19H         LINE#         66
  C:0D1BH         LINE#         67
  C:0D1DH         LINE#         68
  -------         ENDPROC       _SERIAL_PRINTU8
  -------         ENDMOD        SERIAL
BL51 BANKED LINKER/LOCATER V6.22                                                      12/20/2019  15:03:56  PAGE 14



  -------         MODULE        FEED_MOTOR
  C:0000H         SYMBOL        _ICE_DUMMY_
  D:0090H         PUBLIC        P1
  D:00B0H         PUBLIC        P3
  D:00A8H         PUBLIC        IE
  C:0EC5H         PUBLIC        _delay
  C:0D67H         PUBLIC        close
  D:00B8H         PUBLIC        IP
  C:0D44H         PUBLIC        open
  D:0098H         PUBLIC        SCON
  D:0088H         PUBLIC        TCON
  D:0054H         PUBLIC        list
  D:00C8H         PUBLIC        T2CON
  D:00D0H         PUBLIC        PSW
  -------         PROC          OPEN
  -------         DO            
  D:0048H         SYMBOL        i
  D:0049H         SYMBOL        j
  -------         ENDDO         
  C:0D44H         LINE#         36
  C:0D44H         LINE#         37
  C:0D44H         LINE#         39
  C:0D47H         LINE#         40
  C:0D47H         LINE#         41
  C:0D4AH         LINE#         42
  C:0D4AH         LINE#         43
  C:0D4EH         LINE#         44
  C:0D51H         LINE#         45
  C:0D5AH         LINE#         47
  C:0D63H         LINE#         48
  C:0D66H         LINE#         49
  -------         ENDPROC       OPEN
  -------         PROC          CLOSE
  -------         DO            
  D:0048H         SYMBOL        i
  D:0049H         SYMBOL        j
  -------         ENDDO         
  C:0D67H         LINE#         51
  C:0D67H         LINE#         52
  C:0D67H         LINE#         54
  C:0D6AH         LINE#         55
  C:0D6AH         LINE#         56
  C:0D6DH         LINE#         57
  C:0D6DH         LINE#         58
  C:0D71H         LINE#         59
  C:0D74H         LINE#         60
  C:0D7DH         LINE#         61
  C:0D80H         LINE#         62
  C:0D89H         LINE#         63
  -------         ENDPROC       CLOSE
  -------         PROC          L?0019
  -------         ENDPROC       L?0019
  -------         PROC          _DELAY
  D:0006H         SYMBOL        i
  C:0EC5H         LINE#         101
  C:0EC5H         LINE#         102
BL51 BANKED LINKER/LOCATER V6.22                                                      12/20/2019  15:03:56  PAGE 15


  C:0EC5H         LINE#         103
  C:0ECFH         LINE#         104
  -------         ENDPROC       _DELAY
  -------         ENDMOD        FEED_MOTOR

  -------         MODULE        LCD
  C:0000H         SYMBOL        _ICE_DUMMY_
  C:0DCFH         PUBLIC        _DisplayOneChar
  D:0080H         PUBLIC        P0
  D:0090H         PUBLIC        P1
  D:00A0H         PUBLIC        P2
  D:00B0H         PUBLIC        P3
  C:0ED0H         PUBLIC        Read_Busy
  D:00A8H         PUBLIC        IE
  B:00A0H.7       PUBLIC        LCD1602_EN
  D:00B8H         PUBLIC        IP
  B:00A0H.6       PUBLIC        LCD1602_RS
  B:00A0H.5       PUBLIC        LCD1602_RW
  C:0F04H         PUBLIC        _Lcd1602_Write_Data
  D:0098H         PUBLIC        SCON
  D:0088H         PUBLIC        TCON
  C:0EF4H         PUBLIC        _Lcd1602_Write_Cmd
  C:0EE2H         PUBLIC        _LcdSetCursor
  C:0F70H         PUBLIC        LcdClearScreen
  D:00C8H         PUBLIC        T2CON
  C:0CCFH         PUBLIC        _LcdShowStr
  C:0EA9H         PUBLIC        InitLcd1602
  D:00D0H         PUBLIC        PSW
  -------         PROC          READ_BUSY
  -------         DO            
  D:0007H         SYMBOL        sta
  -------         ENDDO         
  C:0ED0H         LINE#         11
  C:0ED0H         LINE#         12
  C:0ED0H         LINE#         14
  C:0ED3H         LINE#         15
  C:0ED5H         LINE#         16
  C:0ED7H         LINE#         18
  C:0ED7H         LINE#         19
  C:0ED9H         LINE#         20
  C:0EDBH         LINE#         21
  C:0EDDH         LINE#         22
  C:0EE1H         LINE#         23
  -------         ENDPROC       READ_BUSY
  -------         PROC          _LCD1602_WRITE_CMD
  D:0006H         SYMBOL        cmd
  C:0EF4H         LINE#         25
  C:0EF6H         LINE#         26
  C:0EF6H         LINE#         27
  C:0EF9H         LINE#         28
  C:0EFBH         LINE#         29
  C:0EFDH         LINE#         30
  C:0EFFH         LINE#         31
  C:0F01H         LINE#         32
  C:0F03H         LINE#         33
  -------         ENDPROC       _LCD1602_WRITE_CMD
  -------         PROC          _LCD1602_WRITE_DATA
BL51 BANKED LINKER/LOCATER V6.22                                                      12/20/2019  15:03:56  PAGE 16


  D:0006H         SYMBOL        dat
  C:0F04H         LINE#         35
  C:0F06H         LINE#         36
  C:0F06H         LINE#         37
  C:0F09H         LINE#         38
  C:0F0BH         LINE#         39
  C:0F0DH         LINE#         40
  C:0F0FH         LINE#         41
  C:0F11H         LINE#         42
  C:0F13H         LINE#         43
  -------         ENDPROC       _LCD1602_WRITE_DATA
  -------         PROC          _LCDSETCURSOR
  D:0007H         SYMBOL        x
  D:0005H         SYMBOL        y
  -------         DO            
  D:0004H         SYMBOL        addr
  -------         ENDDO         
  C:0EE2H         LINE#         45
  C:0EE2H         LINE#         46
  C:0EE2H         LINE#         48
  C:0EE5H         LINE#         49
  C:0EE9H         LINE#         51
  C:0EEDH         LINE#         53
  -------         ENDPROC       _LCDSETCURSOR
  -------         PROC          _DISPLAYONECHAR
  D:0006H         SYMBOL        X
  D:0005H         SYMBOL        Y
  D:0004H         SYMBOL        DData
  C:0DCFH         LINE#         57
  C:0DD3H         LINE#         58
  C:0DD3H         LINE#         59
  C:0DD6H         LINE#         60
  C:0DD9H         LINE#         61
  C:0DDFH         LINE#         62
  C:0DE2H         LINE#         63
  C:0DE7H         LINE#         64
  -------         ENDPROC       _DISPLAYONECHAR
  -------         PROC          _LCDSHOWSTR
  D:0007H         SYMBOL        x
  D:0005H         SYMBOL        y
  D:004AH         SYMBOL        str
  C:0CCFH         LINE#         68
  C:0CD5H         LINE#         69
  C:0CD5H         LINE#         70
  C:0CD8H         LINE#         71
  C:0CE3H         LINE#         72
  C:0CE3H         LINE#         73
  C:0CF4H         LINE#         74
  C:0CF6H         LINE#         75
  -------         ENDPROC       _LCDSHOWSTR
  -------         PROC          INITLCD1602
  C:0EA9H         LINE#         77
  C:0EA9H         LINE#         78
  C:0EA9H         LINE#         79
  C:0EAEH         LINE#         80
  C:0EB3H         LINE#         81
  C:0EB8H         LINE#         82
BL51 BANKED LINKER/LOCATER V6.22                                                      12/20/2019  15:03:56  PAGE 17


  -------         ENDPROC       INITLCD1602
  -------         PROC          LCDCLEARSCREEN
  C:0F70H         LINE#         85
  C:0F70H         LINE#         86
  C:0F70H         LINE#         87
  -------         ENDPROC       LCDCLEARSCREEN
  -------         ENDMOD        LCD

  -------         MODULE        ULTRASONIC
  C:0000H         SYMBOL        _ICE_DUMMY_
  B:00A0H.4       PUBLIC        Echo
  D:0090H         PUBLIC        P1
  D:00A0H         PUBLIC        P2
  D:00B0H         PUBLIC        P3
  B:00A8H.7       PUBLIC        EA
  C:0B31H         PUBLIC        Count
  D:00A8H         PUBLIC        IE
  B:00A0H.3       PUBLIC        Trig
  D:00B8H         PUBLIC        IP
  D:004EH         PUBLIC        time
  D:0098H         PUBLIC        SCON
  D:0089H         PUBLIC        TMOD
  D:0088H         PUBLIC        TCON
  D:008CH         PUBLIC        TH0
  D:008AH         PUBLIC        TL0
  D:0050H         PUBLIC        S
  B:0088H.4       PUBLIC        TR0
  D:00C8H         PUBLIC        T2CON
  C:0E06H         PUBLIC        measure
  D:00D0H         PUBLIC        PSW
  C:0DECH         PUBLIC        StartModule
  -------         PROC          COUNT
  C:0B31H         LINE#         8
  C:0B31H         LINE#         9
  C:0B31H         LINE#         10
  C:0B41H         LINE#         11
  C:0B44H         LINE#         12
  C:0B46H         LINE#         13
  C:0B6DH         LINE#         14
  -------         ENDPROC       COUNT
  -------         PROC          STARTMODULE
  C:0DECH         LINE#         15
  C:0DECH         LINE#         16
  C:0DECH         LINE#         17
  C:0DEEH         LINE#         18
  C:0DEFH         LINE#         19
  C:0DF0H         LINE#         20
  C:0DF1H         LINE#         21
  C:0DF2H         LINE#         22
  C:0DF3H         LINE#         23
  C:0DF4H         LINE#         24
  C:0DF5H         LINE#         25
  C:0DF6H         LINE#         26
  C:0DF7H         LINE#         27
  C:0DF8H         LINE#         28
  C:0DF9H         LINE#         29
  C:0DFAH         LINE#         30
BL51 BANKED LINKER/LOCATER V6.22                                                      12/20/2019  15:03:56  PAGE 18


  C:0DFBH         LINE#         31
  C:0DFCH         LINE#         32
  C:0DFDH         LINE#         33
  C:0DFEH         LINE#         34
  C:0DFFH         LINE#         35
  C:0E00H         LINE#         36
  C:0E01H         LINE#         37
  C:0E02H         LINE#         38
  C:0E03H         LINE#         39
  C:0E05H         LINE#         40
  -------         ENDPROC       STARTMODULE
  -------         PROC          MEASURE
  C:0E06H         LINE#         42
  C:0E06H         LINE#         43
  C:0E06H         LINE#         45
  C:0E09H         LINE#         46
  C:0E0CH         LINE#         47
  C:0E0EH         LINE#         48
  C:0E10H         LINE#         49
  C:0E13H         LINE#         50
  C:0E16H         LINE#         51
  C:0E18H         LINE#         52
  C:0E1BH         LINE#         53
  C:0E1DH         LINE#         54
  -------         ENDPROC       MEASURE
  -------         ENDMOD        ULTRASONIC

  -------         MODULE        MEM
  C:0000H         SYMBOL        _ICE_DUMMY_
  D:0090H         PUBLIC        P1
  D:00A0H         PUBLIC        P2
  C:0AF0H         PUBLIC        _I2cSendByte
  D:00B0H         PUBLIC        P3
  C:0F66H         PUBLIC        I2cStop
  D:00A8H         PUBLIC        IE
  D:00B8H         PUBLIC        IP
  D:0098H         PUBLIC        SCON
  D:0088H         PUBLIC        TCON
  C:0F37H         PUBLIC        Delay10us
  B:00A0H.0       PUBLIC        SDA
  C:0DADH         PUBLIC        _At24c02Read
  B:00A0H.1       PUBLIC        SCL
  D:00C8H         PUBLIC        T2CON
  C:0F23H         PUBLIC        I2cStart
  C:0E20H         PUBLIC        _At24c02Write
  C:0D1EH         PUBLIC        I2cReadByte
  D:00D0H         PUBLIC        PSW
  C:0F32H         SYMBOL        L?0024
  -------         PROC          L?0023
  -------         ENDPROC       L?0023
  C:0F32H         SYMBOL        L?0024
  -------         PROC          DELAY10US
  -------         DO            
  D:0006H         SYMBOL        a
  D:0007H         SYMBOL        b
  -------         ENDDO         
  C:0F37H         LINE#         4
BL51 BANKED LINKER/LOCATER V6.22                                                      12/20/2019  15:03:56  PAGE 19


  C:0F37H         LINE#         5
  C:0F37H         LINE#         7
  C:0F39H         LINE#         8
  C:0F3FH         LINE#         10
  -------         ENDPROC       DELAY10US
  -------         PROC          I2CSTART
  C:0F23H         LINE#         12
  C:0F23H         LINE#         13
  C:0F23H         LINE#         14
  C:0F25H         LINE#         15
  C:0F25H         LINE#         16
  C:0F25H         LINE#         17
  C:0F28H         LINE#         18
  C:0F2AH         LINE#         19
  C:0F2DH         LINE#         20
  C:0F2FH         LINE#         21
  -------         ENDPROC       I2CSTART
  -------         PROC          I2CSTOP
  C:0F66H         LINE#         24
  C:0F66H         LINE#         25
  C:0F66H         LINE#         26
  C:0F68H         LINE#         27
  C:0F68H         LINE#         28
  C:0F68H         LINE#         29
  C:0F6BH         LINE#         30
  C:0F6DH         LINE#         31
  -------         ENDPROC       I2CSTOP
  -------         PROC          _I2CSENDBYTE
  D:0005H         SYMBOL        dat
  -------         DO            
  D:0003H         SYMBOL        a
  D:0002H         SYMBOL        b
  -------         ENDDO         
  C:0AF0H         LINE#         34
  C:0AF2H         LINE#         35
  C:0AF2H         LINE#         36
  C:0AF5H         LINE#         37
  C:0AF5H         LINE#         38
  C:0AF5H         LINE#         39
  C:0B00H         LINE#         40
  C:0B04H         LINE#         41
  C:0B04H         LINE#         42
  C:0B04H         LINE#         43
  C:0B07H         LINE#         44
  C:0B09H         LINE#         45
  C:0B0CH         LINE#         46
  C:0B10H         LINE#         47
  C:0B12H         LINE#         48
  C:0B15H         LINE#         49
  C:0B17H         LINE#         50
  C:0B1AH         LINE#         51
  C:0B1AH         LINE#         52
  C:0B1BH         LINE#         53
  C:0B21H         LINE#         54
  C:0B21H         LINE#         55
  C:0B23H         LINE#         56
  C:0B26H         LINE#         57
BL51 BANKED LINKER/LOCATER V6.22                                                      12/20/2019  15:03:56  PAGE 20


  C:0B29H         LINE#         58
  C:0B29H         LINE#         59
  C:0B29H         LINE#         60
  C:0B2BH         LINE#         61
  C:0B2EH         LINE#         62
  C:0B30H         LINE#         63
  -------         ENDPROC       _I2CSENDBYTE
  -------         PROC          I2CREADBYTE
  -------         DO            
  D:0005H         SYMBOL        a
  D:0004H         SYMBOL        dat
  -------         ENDDO         
  C:0D1EH         LINE#         65
  C:0D1EH         LINE#         66
  C:0D1EH         LINE#         67
  C:0D21H         LINE#         68
  C:0D23H         LINE#         69
  C:0D26H         LINE#         70
  C:0D26H         LINE#         71
  C:0D26H         LINE#         72
  C:0D28H         LINE#         73
  C:0D2BH         LINE#         74
  C:0D2FH         LINE#         75
  C:0D35H         LINE#         76
  C:0D38H         LINE#         77
  C:0D3AH         LINE#         78
  C:0D3DH         LINE#         79
  C:0D41H         LINE#         80
  C:0D43H         LINE#         81
  -------         ENDPROC       I2CREADBYTE
  -------         PROC          _AT24C02WRITE
  D:0001H         SYMBOL        addr
  D:0004H         SYMBOL        dat
  C:0E20H         LINE#         84
  C:0E24H         LINE#         85
  C:0E24H         LINE#         86
  C:0E27H         LINE#         87
  C:0E2CH         LINE#         88
  C:0E31H         LINE#         89
  C:0E36H         LINE#         90
  -------         ENDPROC       _AT24C02WRITE
  -------         PROC          _AT24C02READ
  D:0004H         SYMBOL        addr
  -------         DO            
  D:0005H         SYMBOL        num
  -------         ENDDO         
  C:0DADH         LINE#         93
  C:0DAFH         LINE#         94
  C:0DAFH         LINE#         96
  C:0DB2H         LINE#         97
  C:0DB7H         LINE#         98
  C:0DBCH         LINE#         99
  C:0DBFH         LINE#         100
  C:0DC4H         LINE#         101
  C:0DC9H         LINE#         102
  C:0DCCH         LINE#         103
  C:0DCEH         LINE#         104
BL51 BANKED LINKER/LOCATER V6.22                                                      12/20/2019  15:03:56  PAGE 21


  -------         ENDPROC       _AT24C02READ
  -------         ENDMOD        MEM

  -------         MODULE        RTC
  C:0000H         SYMBOL        _ICE_DUMMY_
  D:0090H         PUBLIC        P1
  D:0030H         PUBLIC        RTIME
  D:00B0H         PUBLIC        P3
  C:0BE4H         PUBLIC        _Ds1302Write
  D:00A8H         PUBLIC        IE
  C:0E7EH         PUBLIC        Ds1302ReadTime
  C:0D8AH         PUBLIC        Ds1302Init
  D:00B8H         PUBLIC        IP
  B:00B0H.6       PUBLIC        SCLK
  B:00B0H.4       PUBLIC        DSIO
  D:0098H         PUBLIC        SCON
  D:0088H         PUBLIC        TCON
  C:0F47H         PUBLIC        WRITE_RTC_ADDR
  C:0F40H         PUBLIC        READ_RTC_ADDR
  D:00C8H         PUBLIC        T2CON
  B:00B0H.5       PUBLIC        RST
  D:00D0H         PUBLIC        PSW
  D:0037H         PUBLIC        SET_TIME
  C:0A62H         PUBLIC        _Ds1302Read
  -------         PROC          _DS1302WRITE
  D:0007H         SYMBOL        addr
  D:0005H         SYMBOL        dat
  -------         DO            
  D:0006H         SYMBOL        n
  -------         ENDDO         
  C:0BE4H         LINE#         13
  C:0BE4H         LINE#         14
  C:0BE4H         LINE#         16
  C:0BE6H         LINE#         17
  C:0BE7H         LINE#         19
  C:0BE9H         LINE#         20
  C:0BEAH         LINE#         21
  C:0BECH         LINE#         22
  C:0BEDH         LINE#         24
  C:0BEFH         LINE#         25
  C:0BEFH         LINE#         26
  C:0BF3H         LINE#         27
  C:0BF7H         LINE#         28
  C:0BF9H         LINE#         29
  C:0BFAH         LINE#         30
  C:0BFCH         LINE#         31
  C:0BFDH         LINE#         32
  C:0C01H         LINE#         33
  C:0C03H         LINE#         34
  C:0C03H         LINE#         35
  C:0C07H         LINE#         36
  C:0C0BH         LINE#         37
  C:0C0DH         LINE#         38
  C:0C0EH         LINE#         39
  C:0C10H         LINE#         40
  C:0C11H         LINE#         41
  C:0C15H         LINE#         43
BL51 BANKED LINKER/LOCATER V6.22                                                      12/20/2019  15:03:56  PAGE 22


  C:0C17H         LINE#         44
  C:0C18H         LINE#         45
  -------         ENDPROC       _DS1302WRITE
  -------         PROC          _DS1302READ
  D:0007H         SYMBOL        addr
  -------         DO            
  D:0005H         SYMBOL        n
  D:0006H         SYMBOL        dat
  D:0007H         SYMBOL        dat1
  -------         ENDDO         
  C:0A62H         LINE#         49
  C:0A62H         LINE#         50
  C:0A62H         LINE#         52
  C:0A64H         LINE#         53
  C:0A65H         LINE#         55
  C:0A67H         LINE#         56
  C:0A68H         LINE#         57
  C:0A6AH         LINE#         58
  C:0A6BH         LINE#         60
  C:0A6DH         LINE#         61
  C:0A6DH         LINE#         62
  C:0A71H         LINE#         63
  C:0A75H         LINE#         64
  C:0A77H         LINE#         65
  C:0A78H         LINE#         66
  C:0A7AH         LINE#         67
  C:0A7BH         LINE#         68
  C:0A7FH         LINE#         69
  C:0A80H         LINE#         70
  C:0A82H         LINE#         71
  C:0A82H         LINE#         72
  C:0A87H         LINE#         73
  C:0A93H         LINE#         74
  C:0A95H         LINE#         75
  C:0A96H         LINE#         76
  C:0A98H         LINE#         77
  C:0A99H         LINE#         78
  C:0A9DH         LINE#         80
  C:0A9FH         LINE#         81
  C:0AA0H         LINE#         82
  C:0AA2H         LINE#         83
  C:0AA3H         LINE#         84
  C:0AA5H         LINE#         85
  C:0AA6H         LINE#         86
  C:0AA8H         LINE#         87
  C:0AA9H         LINE#         88
  C:0AABH         LINE#         89
  -------         ENDPROC       _DS1302READ
  -------         PROC          DS1302INIT
  -------         DO            
  D:0004H         SYMBOL        n
  -------         ENDDO         
  C:0D8AH         LINE#         91
  C:0D8AH         LINE#         92
  C:0D8AH         LINE#         94
  C:0D91H         LINE#         95
  C:0D93H         LINE#         96
BL51 BANKED LINKER/LOCATER V6.22                                                      12/20/2019  15:03:56  PAGE 23


  C:0D93H         LINE#         97
  C:0DA2H         LINE#         98
  C:0DA6H         LINE#         99
  -------         ENDPROC       DS1302INIT
  -------         PROC          DS1302READTIME
  -------         DO            
  D:0003H         SYMBOL        n
  -------         ENDDO         
  C:0E7EH         LINE#         104
  C:0E7EH         LINE#         105
  C:0E7EH         LINE#         107
  C:0E80H         LINE#         108
  C:0E80H         LINE#         109
  C:0E8FH         LINE#         110
  C:0E93H         LINE#         112
  -------         ENDPROC       DS1302READTIME
  -------         ENDMOD        RTC

  -------         MODULE        COMMON
  C:0000H         SYMBOL        _ICE_DUMMY_
  D:0090H         PUBLIC        P1
  D:00B0H         PUBLIC        P3
  D:00A8H         PUBLIC        IE
  C:0C7BH         PUBLIC        _num8tochar
  D:00B8H         PUBLIC        IP
  D:0098H         PUBLIC        SCON
  D:0088H         PUBLIC        TCON
  C:0818H         PUBLIC        _num16tochar
  D:00C8H         PUBLIC        T2CON
  D:00D0H         PUBLIC        PSW
  -------         PROC          _NUM8TOCHAR
  D:0007H         SYMBOL        num
  -------         DO            
  D:0047H         SYMBOL        ret
  -------         ENDDO         
  C:0C7BH         LINE#         3
  C:0C7BH         LINE#         4
  C:0C7BH         LINE#         6
  C:0C84H         LINE#         7
  C:0C93H         LINE#         8
  C:0C9EH         LINE#         9
  C:0CA1H         LINE#         10
  C:0CA6H         LINE#         11
  -------         ENDPROC       _NUM8TOCHAR
  -------         PROC          _NUM16TOCHAR
  D:0002H         SYMBOL        num
  -------         DO            
  D:0048H         SYMBOL        ret
  -------         ENDDO         
  C:0818H         LINE#         13
  C:081CH         LINE#         14
  C:081CH         LINE#         16
  C:0828H         LINE#         17
  C:0845H         LINE#         18
  C:0862H         LINE#         19
  C:087FH         LINE#         20
  C:088FH         LINE#         21
BL51 BANKED LINKER/LOCATER V6.22                                                      12/20/2019  15:03:56  PAGE 24


  C:0892H         LINE#         22
  C:0897H         LINE#         23
  -------         ENDPROC       _NUM16TOCHAR
  -------         ENDMOD        COMMON

  -------         MODULE        HX711
  C:0000H         SYMBOL        _ICE_DUMMY_
  D:0090H         PUBLIC        P1
  D:00A0H         PUBLIC        P2
  C:0F5AH         PUBLIC        WeightInit
  D:00B0H         PUBLIC        P3
  C:0C19H         PUBLIC        ReadCount
  C:09C3H         PUBLIC        GetWeight
  D:00A8H         PUBLIC        IE
  D:00B8H         PUBLIC        IP
  D:0098H         PUBLIC        SCON
  D:0088H         PUBLIC        TCON
  B:00B0H.7       PUBLIC        HX711_DOUT
  D:00C8H         PUBLIC        T2CON
  D:003EH         PUBLIC        Weight_food
  D:0042H         PUBLIC        Weight_self
  D:00D0H         PUBLIC        PSW
  B:00A0H.2       PUBLIC        HX711_SCK
  -------         PROC          READCOUNT
  -------         DO            
  D:0004H         SYMBOL        Count
  D:0003H         SYMBOL        i
  -------         ENDDO         
  C:0C19H         LINE#         6
  C:0C19H         LINE#         7
  C:0C19H         LINE#         10
  C:0C1BH         LINE#         11
  C:0C23H         LINE#         12
  C:0C26H         LINE#         13
  C:0C28H         LINE#         14
  C:0C28H         LINE#         15
  C:0C2AH         LINE#         16
  C:0C2FH         LINE#         17
  C:0C31H         LINE#         18
  C:0C41H         LINE#         19
  C:0C45H         LINE#         20
  C:0C47H         LINE#         21
  C:0C4BH         LINE#         22
  C:0C4DH         LINE#         23
  C:0C4DH         LINE#         24
  -------         ENDPROC       READCOUNT
  -------         PROC          GETWEIGHT
  C:09C3H         LINE#         26
  C:09C3H         LINE#         27
  C:09C3H         LINE#         28
  C:09CEH         LINE#         29
  C:09E7H         LINE#         30
  C:09EAH         LINE#         31
  C:09EAH         LINE#         32
  C:09F1H         LINE#         35
  C:09F1H         LINE#         36
  C:0A13H         LINE#         45
BL51 BANKED LINKER/LOCATER V6.22                                                      12/20/2019  15:03:56  PAGE 25


  -------         ENDPROC       GETWEIGHT
  -------         PROC          WEIGHTINIT
  C:0F5AH         LINE#         46
  C:0F5AH         LINE#         47
  C:0F5AH         LINE#         48
  C:0F65H         LINE#         49
  -------         ENDPROC       WEIGHTINIT
  -------         ENDMOD        HX711

  -------         MODULE        CMDPRO
  C:0000H         SYMBOL        _ICE_DUMMY_
  D:0090H         PUBLIC        P1
  D:00A0H         PUBLIC        P2
  D:00B0H         PUBLIC        P3
  D:00A8H         PUBLIC        IE
  D:00B8H         PUBLIC        IP
  D:0098H         PUBLIC        SCON
  D:0088H         PUBLIC        TCON
  C:04A7H         PUBLIC        CmdPro
  D:00C8H         PUBLIC        T2CON
  D:00D0H         PUBLIC        PSW
  -------         PROC          CMDPRO
  -------         DO            
  D:0047H         SYMBOL        i
  -------         ENDDO         
  C:04A7H         LINE#         25
  C:04A7H         LINE#         26
  C:04A7H         LINE#         28
  C:04AAH         LINE#         29
  C:04B1H         LINE#         30
  C:04B1H         LINE#         31
  C:04B4H         LINE#         34
  C:04D6H         LINE#         35
  C:04D6H         LINE#         36
  C:04D6H         LINE#         37
  C:04D6H         LINE#         38
  C:04DBH         LINE#         39
  C:04DBH         LINE#         40
  C:04DEH         LINE#         41
  C:04DEH         LINE#         42
  C:04ECH         LINE#         43
  C:04F3H         LINE#         44
  C:04F6H         LINE#         45
  C:04F6H         LINE#         46
  C:04FFH         LINE#         47
  C:04FFH         LINE#         48
  C:0506H         LINE#         49
  C:0506H         LINE#         50
  C:0506H         LINE#         51
  C:0509H         LINE#         52
  C:0509H         LINE#         53
  C:0509H         LINE#         54
  C:0509H         LINE#         55
  C:050FH         LINE#         56
  C:050FH         LINE#         57
  C:051AH         LINE#         58
  C:0524H         LINE#         59
BL51 BANKED LINKER/LOCATER V6.22                                                      12/20/2019  15:03:56  PAGE 26


  C:052EH         LINE#         60
  C:0538H         LINE#         61
  C:0542H         LINE#         62
  C:054CH         LINE#         63
  C:0552H         LINE#         64
  C:0555H         LINE#         65
  C:0555H         LINE#         66
  C:055BH         LINE#         67
  C:055BH         LINE#         68
  C:0564H         LINE#         69
  C:056FH         LINE#         70
  C:0578H         LINE#         71
  C:0581H         LINE#         72
  C:058CH         LINE#         73
  C:0592H         LINE#         74
  C:0592H         LINE#         75
  C:0594H         LINE#         76
  C:0594H         LINE#         77
  C:0594H         LINE#         78
  C:0594H         LINE#         80
  C:059AH         LINE#         81
  C:059AH         LINE#         86
  C:05A0H         LINE#         88
  C:05A0H         LINE#         89
  C:05A2H         LINE#         90
  C:05A2H         LINE#         91
  C:05A2H         LINE#         92
  C:05A2H         LINE#         93
  C:05A5H         LINE#         94
  C:05A5H         LINE#         95
  C:05A5H         LINE#         96
  C:05A5H         LINE#         97
  C:05A5H         LINE#         98
  C:05AFH         LINE#         99
  C:05B8H         LINE#         100
  C:05B8H         LINE#         101
  C:05B8H         LINE#         103
  C:05B8H         LINE#         104
  -------         ENDPROC       CMDPRO
  -------         ENDMOD        CMDPRO

  -------         MODULE        ?C?FPMUL
  C:0026H         PUBLIC        ?C?FPMUL
  -------         ENDMOD        ?C?FPMUL

  -------         MODULE        ?C?FPDIV
  C:012FH         PUBLIC        ?C?FPDIV
  -------         ENDMOD        ?C?FPDIV

  -------         MODULE        ?C?FCAST
  C:01D6H         PUBLIC        ?C?FCASTC
  C:01D1H         PUBLIC        ?C?FCASTI
  C:01CCH         PUBLIC        ?C?FCASTL
  -------         ENDMOD        ?C?FCAST

  -------         MODULE        ?C?CASTF
  C:020AH         PUBLIC        ?C?CASTF
BL51 BANKED LINKER/LOCATER V6.22                                                      12/20/2019  15:03:56  PAGE 27


  -------         ENDMOD        ?C?CASTF

  -------         MODULE        ?C?CLDPTR
  C:028BH         PUBLIC        ?C?CLDPTR
  -------         ENDMOD        ?C?CLDPTR

  -------         MODULE        ?C?UIDIV
  C:02A4H         PUBLIC        ?C?UIDIV
  -------         ENDMOD        ?C?UIDIV

  -------         MODULE        ?C?LNEG
  C:02F9H         PUBLIC        ?C?LNEG
  -------         ENDMOD        ?C?LNEG

  -------         MODULE        ?C?ULCMP
  C:0307H         PUBLIC        ?C?ULCMP
  -------         ENDMOD        ?C?ULCMP

  -------         MODULE        ?C?LSHL
  C:0318H         PUBLIC        ?C?LSHL
  -------         ENDMOD        ?C?LSHL

*** WARNING L16: UNCALLED SEGMENT, IGNORED FOR OVERLAY PROCESS
    SEGMENT: ?PR?GETWEIGHT?HX711

*** WARNING L16: UNCALLED SEGMENT, IGNORED FOR OVERLAY PROCESS
    SEGMENT: ?PR?WEIGHTINIT?HX711

Program Size: data=87.3 xdata=0 code=3957
LINK/LOCATE RUN COMPLETE.  2 WARNING(S),  0 ERROR(S)
